Transaction [transactionId=9d3354fe-2618-4111-9bfb-8331bfc35cee, accountNumber=SAV001, type=DEPOSIT, amount=31000.0, timestamp=2026-08-28T04:36:50.646267600]
Transaction [transactionId=a63b8d1f-9286-4bbd-9039-5d7b032c2b79, accountNumber=SAV001, type=DEPOSIT, amount=31000.0, timestamp=2026-08-28T04:37:16.083326800]
Transaction [transactionId=a849ce73-f56e-425d-b321-c3e4b8e7ba05, accountNumber=SAV001, type=DEPOSIT, amount=31000.0, timestamp=2026-08-28T04:37:37.547959]
DEPOSIT of 72000.0 on account SAV002 at 2026-08-28T04:45:57.539360600
WITHDRAW of 5000.0 on account SAV001 at 2026-08-28T05:20:13.905856700
WITHDRAW of 10000.0 on account CUR001 at 2026-08-28T05:20:13.931012800
DEPOSIT of 10000.0 on account SAV001 at 2026-08-28T05:20:13.933022900
WITHDRAW of 20000.0 on account SAV002 at 2026-08-28T05:20:13.933022900
DEPOSIT of 20000.0 on account SAV002 at 2026-08-28T05:20:13.933022900

MESSED UP now RETRYING
WITHDRAW of 5000.0 on account SAV001 at 2026-08-28T05:24:00.253502300
WITHDRAW of 10000.0 on account CUR001 at 2026-08-28T05:24:00.275704700
DEPOSIT of 10000.0 on account SAV001 at 2026-08-28T05:24:00.277706400
WITHDRAW of 20000.0 on account SAV002 at 2026-08-28T05:24:00.278709300
DEPOSIT of 20000.0 on account SAV002 at 2026-08-28T05:24:00.278709300
WITHDRAW of 5000.0 on account SAV001 at 2026-08-31T03:16:51.628051100
WITHDRAW of 10000.0 on account CUR001 at 2026-08-31T03:16:51.677531100
DEPOSIT of 10000.0 on account SAV001 at 2026-08-31T03:16:51.678541200
WITHDRAW of 20000.0 on account SAV002 at 2026-08-31T03:16:51.679540600
DEPOSIT of 20000.0 on account SAV002 at 2026-08-31T03:16:51.680543300
WITHDRAW of 5000.0 on account SAV001 at 2026-08-31T03:16:51.764100800
WITHDRAW of 5000.0 on account SAV001 at 2026-08-31T03:16:51.766176800
WITHDRAW of 5000.0 on account SAV001 at 2026-08-31T03:16:51.780003
DEPOSIT of 5000.0 on account SAV001 at 2026-08-31T04:45:28.294118700
WITHDRAW of 20000.0 on account CUR001 at 2026-08-31T04:45:28.436602700
WITHDRAW of 10000.0 on account SAV002 at 2026-08-31T04:45:28.574376900
DEPOSIT of 10000.0 on account SAV001 at 2026-08-31T04:45:28.679733300
DEPOSIT of 5000.0 on account SAV001 at 2026-08-31T16:35:25.147959900
WITHDRAW of 10000.0 on account SAV002 at 2026-08-31T16:35:25.621118
DEPOSIT of 10000.0 on account SAV001 at 2026-08-31T16:35:25.714538
